Janas-MacBook-Pro:~ janasiegle$ ssh -p2222 jsiegle@sandbox.dev
Welcome to Ubuntu 14.04.3 LTS (GNU/Linux 3.19.0-25-generic x86_64)

 * Documentation:  https://help.ubuntu.com/
You have mail.
Last login: Thu Sep 10 12:06:33 2015 from 10.0.2.2
jsiegle@sandbox:~$ sudo apt-get update
Hit http://repo.ajenti.org main InRelease
Hit http://repo.ajenti.org main/main amd64 Packages                            
Hit http://repo.ajenti.org main/ubuntu amd64 Packages                          
Hit http://repo.ajenti.org main/main i386 Packages                             
Ign http://security.ubuntu.com trusty-security InRelease                       
Hit http://repo.ajenti.org main/ubuntu i386 Packages                  
Ign http://us.archive.ubuntu.com trusty InRelease                              
Hit http://security.ubuntu.com trusty-security Release.gpg                     
Ign http://us.archive.ubuntu.com trusty-updates InRelease             
Hit http://security.ubuntu.com trusty-security Release                
Ign http://us.archive.ubuntu.com trusty-backports InRelease            
Hit http://security.ubuntu.com trusty-security/main Sources           
Hit http://us.archive.ubuntu.com trusty Release.gpg                            
Hit http://security.ubuntu.com trusty-security/restricted Sources     
Hit http://us.archive.ubuntu.com trusty-updates Release.gpg                    
Hit http://security.ubuntu.com trusty-security/universe Sources       
Hit http://us.archive.ubuntu.com trusty-backports Release.gpg                  
Hit http://security.ubuntu.com trusty-security/multiverse Sources     
Hit http://us.archive.ubuntu.com trusty Release                                
Hit http://security.ubuntu.com trusty-security/main amd64 Packages             
Hit http://us.archive.ubuntu.com trusty-updates Release                        
Hit http://security.ubuntu.com trusty-security/restricted amd64 Packages       
Hit http://us.archive.ubuntu.com trusty-backports Release             
Hit http://security.ubuntu.com trusty-security/universe amd64 Packages         
Hit http://us.archive.ubuntu.com trusty/main Sources                           
Hit http://security.ubuntu.com trusty-security/multiverse amd64 Packages       
Hit http://us.archive.ubuntu.com trusty/restricted Sources                     
Hit http://security.ubuntu.com trusty-security/main i386 Packages              
Hit http://us.archive.ubuntu.com trusty/universe Sources                       
Hit http://security.ubuntu.com trusty-security/restricted i386 Packages        
Hit http://us.archive.ubuntu.com trusty/multiverse Sources                     
Hit http://security.ubuntu.com trusty-security/universe i386 Packages          
Hit http://us.archive.ubuntu.com trusty/main amd64 Packages                    
Hit http://security.ubuntu.com trusty-security/multiverse i386 Packages        
Hit http://us.archive.ubuntu.com trusty/restricted amd64 Packages              
Hit http://security.ubuntu.com trusty-security/main Translation-en             
Hit http://us.archive.ubuntu.com trusty/universe amd64 Packages                
Hit http://security.ubuntu.com trusty-security/multiverse Translation-en       
Hit http://us.archive.ubuntu.com trusty/multiverse amd64 Packages              
Hit http://security.ubuntu.com trusty-security/restricted Translation-en       
Hit http://us.archive.ubuntu.com trusty/main i386 Packages                     
Hit http://us.archive.ubuntu.com trusty/restricted i386 Packages               
Hit http://security.ubuntu.com trusty-security/universe Translation-en         
Hit http://us.archive.ubuntu.com trusty/universe i386 Packages                 
Hit http://us.archive.ubuntu.com trusty/multiverse i386 Packages   
Hit http://us.archive.ubuntu.com trusty/main Translation-en        
Hit http://us.archive.ubuntu.com trusty/multiverse Translation-en  
Hit http://us.archive.ubuntu.com trusty/restricted Translation-en        
Hit http://us.archive.ubuntu.com trusty/universe Translation-en     
Hit http://us.archive.ubuntu.com trusty-updates/main Sources            
Hit http://us.archive.ubuntu.com trusty-updates/restricted Sources 
Hit http://us.archive.ubuntu.com trusty-updates/universe Sources   
Hit http://us.archive.ubuntu.com trusty-updates/multiverse Sources 
Hit http://us.archive.ubuntu.com trusty-updates/main amd64 Packages
Hit http://us.archive.ubuntu.com trusty-updates/restricted amd64 Packages
Hit http://us.archive.ubuntu.com trusty-updates/universe amd64 Packages
Hit http://us.archive.ubuntu.com trusty-updates/multiverse amd64 Packages
Hit http://us.archive.ubuntu.com trusty-updates/main i386 Packages        
Hit http://us.archive.ubuntu.com trusty-updates/restricted i386 Packages  
Hit http://us.archive.ubuntu.com trusty-updates/universe i386 Packages   
Hit http://us.archive.ubuntu.com trusty-updates/multiverse i386 Packages 
Hit http://us.archive.ubuntu.com trusty-updates/main Translation-en      
Hit http://us.archive.ubuntu.com trusty-updates/multiverse Translation-en
Hit http://us.archive.ubuntu.com trusty-updates/restricted Translation-en
Hit http://us.archive.ubuntu.com trusty-updates/universe Translation-en   
Hit http://us.archive.ubuntu.com trusty-backports/main Sources            
Hit http://us.archive.ubuntu.com trusty-backports/restricted Sources
Hit http://us.archive.ubuntu.com trusty-backports/universe Sources
Hit http://us.archive.ubuntu.com trusty-backports/multiverse Sources
Hit http://us.archive.ubuntu.com trusty-backports/main amd64 Packages
Hit http://us.archive.ubuntu.com trusty-backports/restricted amd64 Packages
Hit http://us.archive.ubuntu.com trusty-backports/universe amd64 Packages
Hit http://us.archive.ubuntu.com trusty-backports/multiverse amd64 Packages
Hit http://us.archive.ubuntu.com trusty-backports/main i386 Packages
Hit http://us.archive.ubuntu.com trusty-backports/restricted i386 Packages
Hit http://us.archive.ubuntu.com trusty-backports/universe i386 Packages
Hit http://us.archive.ubuntu.com trusty-backports/multiverse i386 Packages
Hit http://us.archive.ubuntu.com trusty-backports/main Translation-en
Hit http://us.archive.ubuntu.com trusty-backports/multiverse Translation-en
Hit http://us.archive.ubuntu.com trusty-backports/restricted Translation-en
Hit http://us.archive.ubuntu.com trusty-backports/universe Translation-en
Ign http://us.archive.ubuntu.com trusty/main Translation-en_US          
Ign http://us.archive.ubuntu.com trusty/multiverse Translation-en_US
Ign http://us.archive.ubuntu.com trusty/restricted Translation-en_US
Ign http://us.archive.ubuntu.com trusty/universe Translation-en_US
Ign http://repo.ajenti.org main/main Translation-en_US
Ign http://repo.ajenti.org main/main Translation-en
Ign http://repo.ajenti.org main/ubuntu Translation-en_US                       
Ign http://repo.ajenti.org main/ubuntu Translation-en                          
Reading package lists... Done                                                  
jsiegle@sandbox:~$ sudo apt-get upgrade
Reading package lists... Done
Building dependency tree       
Reading state information... Done
Calculating upgrade... Done
The following packages were automatically installed and are no longer required:
  apt-show-versions gir1.2-glib-2.0 libapt-pkg-perl libdbus-glib-1-2
  libgirepository-1.0-1 libglib2.0-0 libglib2.0-data liblcms2-2 libwebp5
  libwebpmux1 libxslt1.1 python-catcher python-daemon python-dbus
  python-dbus-dev python-exconsole python-gevent python-gevent-socketio
  python-gevent-websocket python-gi python-greenlet python-imaging python-ldap
  python-lockfile python-lxml python-mako python-markupsafe python-passlib
  python-pil python-pkg-resources python-psutil python-reconfigure
  python-support shared-mime-info
Use 'apt-get autoremove' to remove them.
The following packages have been kept back:
  linux-headers-generic linux-headers-generic-lts-vivid linux-headers-virtual
  linux-headers-virtual-lts-vivid linux-image-virtual-lts-vivid
  linux-virtual-lts-vivid
The following packages will be upgraded:
  bsdutils dkms e2fslibs e2fsprogs libblkid1 libcomerr2 libfreetype6 libicu52
  libldap-2.4-2 libmount1 libss2 libuuid1 linux-libc-dev mount sudo util-linux
16 upgraded, 0 newly installed, 0 to remove and 6 not upgraded.
Need to get 10.1 MB of archives.
After this operation, 7,168 B of additional disk space will be used.
Do you want to continue? [Y/n] y
Get:1 http://us.archive.ubuntu.com/ubuntu/ trusty-updates/main e2fslibs amd64 1.42.9-3ubuntu1.3 [182 kB]
Get:2 http://us.archive.ubuntu.com/ubuntu/ trusty-updates/main e2fsprogs amd64 1.42.9-3ubuntu1.3 [667 kB]
Get:3 http://us.archive.ubuntu.com/ubuntu/ trusty-updates/main mount amd64 2.20.1-5.1ubuntu20.7 [114 kB]
Get:4 http://us.archive.ubuntu.com/ubuntu/ trusty-updates/main util-linux amd64 2.20.1-5.1ubuntu20.7 [458 kB]
Get:5 http://us.archive.ubuntu.com/ubuntu/ trusty-updates/main bsdutils amd64 1:2.20.1-5.1ubuntu20.7 [33.8 kB]
Get:6 http://us.archive.ubuntu.com/ubuntu/ trusty-updates/main libuuid1 amd64 2.20.1-5.1ubuntu20.7 [10.9 kB]
Get:7 http://us.archive.ubuntu.com/ubuntu/ trusty-updates/main libblkid1 amd64 2.20.1-5.1ubuntu20.7 [62.6 kB]
Get:8 http://us.archive.ubuntu.com/ubuntu/ trusty-updates/main libcomerr2 amd64 1.42.9-3ubuntu1.3 [62.9 kB]
Get:9 http://us.archive.ubuntu.com/ubuntu/ trusty-updates/main libmount1 amd64 2.20.1-5.1ubuntu20.7 [60.2 kB]
Get:10 http://us.archive.ubuntu.com/ubuntu/ trusty-updates/main libss2 amd64 1.42.9-3ubuntu1.3 [67.1 kB]
Get:11 http://us.archive.ubuntu.com/ubuntu/ trusty-updates/main libldap-2.4-2 amd64 2.4.31-1+nmu2ubuntu8.2 [153 kB]
Get:12 http://us.archive.ubuntu.com/ubuntu/ trusty-updates/main libfreetype6 amd64 2.5.2-1ubuntu2.5 [304 kB]
Get:13 http://us.archive.ubuntu.com/ubuntu/ trusty-updates/main libicu52 amd64 52.1-3ubuntu0.4 [6,752 kB]
Get:14 http://us.archive.ubuntu.com/ubuntu/ trusty-updates/main sudo amd64 1.8.9p5-1ubuntu1.2 [342 kB]
Get:15 http://us.archive.ubuntu.com/ubuntu/ trusty-updates/main dkms all 2.2.0.3-1.1ubuntu5.14.04.2 [65.4 kB]
Get:16 http://us.archive.ubuntu.com/ubuntu/ trusty-updates/main linux-libc-dev amd64 3.13.0-63.103 [777 kB]
Fetched 10.1 MB in 7min 20s (22.9 kB/s)                                        
Preconfiguring packages ...
(Reading database ... 79705 files and directories currently installed.)
Preparing to unpack .../e2fslibs_1.42.9-3ubuntu1.3_amd64.deb ...
Unpacking e2fslibs:amd64 (1.42.9-3ubuntu1.3) over (1.42.9-3ubuntu1.2) ...
Setting up e2fslibs:amd64 (1.42.9-3ubuntu1.3) ...
Processing triggers for libc-bin (2.19-0ubuntu6.6) ...
(Reading database ... 79705 files and directories currently installed.)
Preparing to unpack .../e2fsprogs_1.42.9-3ubuntu1.3_amd64.deb ...
Unpacking e2fsprogs (1.42.9-3ubuntu1.3) over (1.42.9-3ubuntu1.2) ...
Processing triggers for man-db (2.6.7.1-1ubuntu1) ...
Setting up e2fsprogs (1.42.9-3ubuntu1.3) ...
(Reading database ... 79705 files and directories currently installed.)
Preparing to unpack .../mount_2.20.1-5.1ubuntu20.7_amd64.deb ...
Unpacking mount (2.20.1-5.1ubuntu20.7) over (2.20.1-5.1ubuntu20.6) ...
Processing triggers for man-db (2.6.7.1-1ubuntu1) ...
Setting up mount (2.20.1-5.1ubuntu20.7) ...
(Reading database ... 79705 files and directories currently installed.)
Preparing to unpack .../util-linux_2.20.1-5.1ubuntu20.7_amd64.deb ...
Unpacking util-linux (2.20.1-5.1ubuntu20.7) over (2.20.1-5.1ubuntu20.6) ...
Processing triggers for man-db (2.6.7.1-1ubuntu1) ...
Processing triggers for mime-support (3.54ubuntu1.1) ...
Processing triggers for ureadahead (0.100.0-16) ...
ureadahead will be reprofiled on next reboot
Setting up util-linux (2.20.1-5.1ubuntu20.7) ...
(Reading database ... 79705 files and directories currently installed.)
Preparing to unpack .../bsdutils_1%3a2.20.1-5.1ubuntu20.7_amd64.deb ...
Unpacking bsdutils (1:2.20.1-5.1ubuntu20.7) over (1:2.20.1-5.1ubuntu20.6) ...
Processing triggers for man-db (2.6.7.1-1ubuntu1) ...
Setting up bsdutils (1:2.20.1-5.1ubuntu20.7) ...
(Reading database ... 79705 files and directories currently installed.)
Preparing to unpack .../libuuid1_2.20.1-5.1ubuntu20.7_amd64.deb ...
Unpacking libuuid1:amd64 (2.20.1-5.1ubuntu20.7) over (2.20.1-5.1ubuntu20.6) ...
Setting up libuuid1:amd64 (2.20.1-5.1ubuntu20.7) ...
Processing triggers for libc-bin (2.19-0ubuntu6.6) ...
(Reading database ... 79705 files and directories currently installed.)
Preparing to unpack .../libblkid1_2.20.1-5.1ubuntu20.7_amd64.deb ...
Unpacking libblkid1:amd64 (2.20.1-5.1ubuntu20.7) over (2.20.1-5.1ubuntu20.6) ...
Setting up libblkid1:amd64 (2.20.1-5.1ubuntu20.7) ...
Processing triggers for libc-bin (2.19-0ubuntu6.6) ...
(Reading database ... 79705 files and directories currently installed.)
Preparing to unpack .../libcomerr2_1.42.9-3ubuntu1.3_amd64.deb ...
Unpacking libcomerr2:amd64 (1.42.9-3ubuntu1.3) over (1.42.9-3ubuntu1.2) ...
Setting up libcomerr2:amd64 (1.42.9-3ubuntu1.3) ...
Processing triggers for libc-bin (2.19-0ubuntu6.6) ...
(Reading database ... 79705 files and directories currently installed.)
Preparing to unpack .../libmount1_2.20.1-5.1ubuntu20.7_amd64.deb ...
Unpacking libmount1:amd64 (2.20.1-5.1ubuntu20.7) over (2.20.1-5.1ubuntu20.6) ...
Setting up libmount1:amd64 (2.20.1-5.1ubuntu20.7) ...
Processing triggers for libc-bin (2.19-0ubuntu6.6) ...
(Reading database ... 79705 files and directories currently installed.)
Preparing to unpack .../libss2_1.42.9-3ubuntu1.3_amd64.deb ...
Unpacking libss2:amd64 (1.42.9-3ubuntu1.3) over (1.42.9-3ubuntu1.2) ...
Setting up libss2:amd64 (1.42.9-3ubuntu1.3) ...
Processing triggers for libc-bin (2.19-0ubuntu6.6) ...
(Reading database ... 79705 files and directories currently installed.)
Preparing to unpack .../libldap-2.4-2_2.4.31-1+nmu2ubuntu8.2_amd64.deb ...
Unpacking libldap-2.4-2:amd64 (2.4.31-1+nmu2ubuntu8.2) over (2.4.31-1+nmu2ubuntu8.1) ...
Preparing to unpack .../libfreetype6_2.5.2-1ubuntu2.5_amd64.deb ...
Unpacking libfreetype6:amd64 (2.5.2-1ubuntu2.5) over (2.5.2-1ubuntu2.4) ...
Preparing to unpack .../libicu52_52.1-3ubuntu0.4_amd64.deb ...
Unpacking libicu52:amd64 (52.1-3ubuntu0.4) over (52.1-3ubuntu0.3) ...
Preparing to unpack .../sudo_1.8.9p5-1ubuntu1.2_amd64.deb ...
Unpacking sudo (1.8.9p5-1ubuntu1.2) over (1.8.9p5-1ubuntu1.1) ...
Preparing to unpack .../dkms_2.2.0.3-1.1ubuntu5.14.04.2_all.deb ...
Unpacking dkms (2.2.0.3-1.1ubuntu5.14.04.2) over (2.2.0.3-1.1ubuntu5.14.04.1) ...
Preparing to unpack .../linux-libc-dev_3.13.0-63.103_amd64.deb ...
Unpacking linux-libc-dev:amd64 (3.13.0-63.103) over (3.13.0-62.102) ...
Processing triggers for man-db (2.6.7.1-1ubuntu1) ...
Processing triggers for ureadahead (0.100.0-16) ...
Setting up libldap-2.4-2:amd64 (2.4.31-1+nmu2ubuntu8.2) ...
Setting up libfreetype6:amd64 (2.5.2-1ubuntu2.5) ...
Setting up libicu52:amd64 (52.1-3ubuntu0.4) ...
Setting up sudo (1.8.9p5-1ubuntu1.2) ...
Setting up dkms (2.2.0.3-1.1ubuntu5.14.04.2) ...
Setting up linux-libc-dev:amd64 (3.13.0-63.103) ...
Processing triggers for libc-bin (2.19-0ubuntu6.6) ...
jsiegle@sandbox:~$ uname -a
Linux sandbox 3.19.0-25-generic #26~14.04.1-Ubuntu SMP Fri Jul 24 21:16:20 UTC 2015 x86_64 x86_64 x86_64 GNU/Linux

jsiegle@sandbox:~$ python
Python 2.7.6 (default, Jun 22 2015, 17:58:13) 
[GCC 4.8.2] on linux2
Type "help", "copyright", "credits" or "license" for more information.
>>> help
Type help() for interactive help, or help(object) for help about object.
>>> 
>>> exit
Use exit() or Ctrl-D (i.e. EOF) to exit
>>> exit()
jsiegle@sandbox:~$ apt-get install
E: Could not open lock file /var/lib/dpkg/lock - open (13: Permission denied)
E: Unable to lock the administration directory (/var/lib/dpkg/), are you root?
jsiegle@sandbox:~$ sudo apt-get install
Reading package lists... Done
Building dependency tree       
Reading state information... Done
The following packages were automatically installed and are no longer required:
  apt-show-versions gir1.2-glib-2.0 libapt-pkg-perl libdbus-glib-1-2
  libgirepository-1.0-1 libglib2.0-0 libglib2.0-data liblcms2-2 libwebp5
  libwebpmux1 libxslt1.1 python-catcher python-daemon python-dbus
  python-dbus-dev python-exconsole python-gevent python-gevent-socketio
  python-gevent-websocket python-gi python-greenlet python-imaging python-ldap
  python-lockfile python-lxml python-mako python-markupsafe python-passlib
  python-pil python-pkg-resources python-psutil python-reconfigure
  python-support shared-mime-info
Use 'apt-get autoremove' to remove them.
0 upgraded, 0 newly installed, 0 to remove and 6 not upgraded.
jsiegle@sandbox:~$ apt-get autoremove
E: Could not open lock file /var/lib/dpkg/lock - open (13: Permission denied)
E: Unable to lock the administration directory (/var/lib/dpkg/), are you root?
jsiegle@sandbox:~$ sudo apt-get autoremove
Reading package lists... Done
Building dependency tree       
Reading state information... Done
The following packages will be REMOVED:
  apt-show-versions gir1.2-glib-2.0 libapt-pkg-perl libdbus-glib-1-2
  libgirepository-1.0-1 libglib2.0-0 libglib2.0-data liblcms2-2 libwebp5
  libwebpmux1 libxslt1.1 python-catcher python-daemon python-dbus
  python-dbus-dev python-exconsole python-gevent python-gevent-socketio
  python-gevent-websocket python-gi python-greenlet python-imaging python-ldap
  python-lockfile python-lxml python-mako python-markupsafe python-passlib
  python-pil python-pkg-resources python-psutil python-reconfigure
  python-support shared-mime-info
0 upgraded, 0 newly installed, 34 to remove and 6 not upgraded.
After this operation, 20.5 MB disk space will be freed.
Do you want to continue? [Y/n] y
(Reading database ... 79706 files and directories currently installed.)
Removing apt-show-versions (0.22.3) ...
Removing python-gi (3.12.0-1ubuntu1) ...
Removing gir1.2-glib-2.0 (1.40.0-1ubuntu0.2) ...
Removing libapt-pkg-perl (0.1.29build1) ...
Removing python-dbus (1.2.0-2build2) ...
Removing libdbus-glib-1-2:amd64 (0.100.2-1) ...
Removing libgirepository-1.0-1 (1.40.0-1ubuntu0.2) ...
Removing shared-mime-info (1.2-0ubuntu3) ...
Removing libglib2.0-0:amd64 (2.40.2-0ubuntu1) ...
Removing libglib2.0-data (2.40.2-0ubuntu1) ...
Removing python-imaging (2.3.0-1ubuntu3) ...
Removing python-pil (2.3.0-1ubuntu3) ...
Removing liblcms2-2:amd64 (2.5-0ubuntu4) ...
Removing libwebpmux1:amd64 (0.4.0-4) ...
Removing libwebp5:amd64 (0.4.0-4) ...
Removing python-lxml (3.3.3-1ubuntu0.1) ...
Removing libxslt1.1:amd64 (1.1.28-2build1) ...
Removing python-catcher (0.1.7) ...
Removing python-daemon (1.5.5-1ubuntu1) ...
Removing python-dbus-dev (1.2.0-2build2) ...
Removing python-exconsole (0.1.5) ...
Removing python-gevent-socketio (0.3.6-1) ...
Removing python-gevent-websocket (0.9.3-1) ...
Removing python-gevent (1.0-1ubuntu1) ...
Removing python-greenlet (0.4.2-1build1) ...
Removing python-ldap (2.4.10-1build1) ...
Removing python-lockfile (1:0.8-2ubuntu2) ...
Removing python-mako (0.9.1-1) ...
Removing python-markupsafe (0.18-1build2) ...
Removing python-passlib (1.5.3-2) ...
Removing python-pkg-resources (3.3-1ubuntu2) ...
Removing python-psutil (1.2.1-1ubuntu2) ...
Removing python-reconfigure (0.1.72) ...
Removing python-support (1.0.15) ...
Processing triggers for man-db (2.6.7.1-1ubuntu1) ...
Processing triggers for libc-bin (2.19-0ubuntu6.6) ...
jsiegle@sandbox:~$ python
Python 2.7.6 (default, Jun 22 2015, 17:58:13) 
[GCC 4.8.2] on linux2
Type "help", "copyright", "credits" or "license" for more information.
>>> exit()
jsiegle@sandbox:~$ sudo apt-get install > install.txt
[sudo] password for jsiegle: 
Sorry, try again.
[sudo] password for jsiegle: 
jsiegle@sandbox:~$ rainbow62
-bash: rainbow62: command not found
jsiegle@sandbox:~$ sudo apt-get install >install.txt
jsiegle@sandbox:~$ l
angel  dead.letter  install.txt
jsiegle@sandbox:~$ cat install.txt
Reading package lists...
Building dependency tree...
Reading state information...
0 upgraded, 0 newly installed, 0 to remove and 6 not upgraded.
jsiegle@sandbox:~$ rm install.txt
jsiegle@sandbox:~$ 
